1PP 5725-B74 IBM COBOL for Windows                   7.6.1                Date 03/21/2014  Time 01:10:33   Page     1                
0调用参数：
 TEST,ADATA,EXIT(ADEXIT(FTTFDBKW))
0生效的选项：
       ADATA                                                                                                                         
       QUOTE                                                                                                                         
       ARITH(COMPAT)                                                                                                                 
       BINARY(NATIVE)                                                                                                                
       CALLINT(SYSTEM,NODESCRIPTOR)                                                                                                  
       CHAR(NATIVE)                                                                                                                  
     NOCICS                                                                                                                          
       COLLSEQ(BINARY)                                                                                                               
     NOCOMPILE(S)                                                                                                                    
     NOCURRENCY                                                                                                                      
     NODATEPROC                                                                                                                      
     NODIAGTRUNC                                                                                                                     
     NODYNAM                                                                                                                         
       ENTRYINT(SYSTEM)                                                                                                              
       EXIT(NOINEXIT,NOPRTEXIT,NOLIBEXIT,ADEXIT(FTTFDBKW))                                                                           
       FLAG(I,I)                                                                                                                     
     NOFLAGSTD                                                                                                                       
       FLOAT(NATIVE)                                                                                                                 
       LIB                                                                                                                           
       LINECOUNT(60)                                                                                                                 
     NOLIST                                                                                                                          
       LSTFILE(LOCALE)                                                                                                               
     NOMAP                                                                                                                           
     NOMDECK                                                                                                                         
       NCOLLSEQ(BINARY)                                                                                                              
       NSYMBOL(NATIONAL)                                                                                                             
     NONUMBER                                                                                                                        
     NOOPTIMIZE                                                                                                                      
       PGMNAME(LONGUPPER)                                                                                                            
       PROBE                                                                                                                         
       SEPOBJ                                                                                                                        
       SEQUENCE                                                                                                                      
       SIZE(8388608)                                                                                                                 
     NOSOSI                                                                                                                          
       SOURCE                                                                                                                        
       SPACE(1)                                                                                                                      
     NOSQL                                                                                                                           
     NOSSRANGE                                                                                                                       
       TERM                                                                                                                          
       TEST                                                                                                                          
     NOTHREAD                                                                                                                        
       TRUNC(STD)                                                                                                                    
     NOVBREF                                                                                                                         
     NOWSCLEAR                                                                                                                       
       XREF(FULL)                                                                                                                    
       YEARWINDOW(1900)                                                                                                              
       ZWB                                                                                                                           
1PP 5725-B74 IBM COBOL for Windows                   7.6.1      FILECOPY  Date 03/21/2014  Time 01:10:33   Page     2                
   LineID  PL SL  ----+-*A-1-B--+----2----+----3----+----4----+----5----+----6----+----7-|--+----8 Map and Cross Reference           
0/* FILECOPY                                                                                                                         
   000001                IDENTIFICATION DIVISION.                                                                                    
   000002                PROGRAM-ID.   FILECOPY.                                                                                     
   000003                ENVIRONMENT DIVISION.                                                                                       
   000004                INPUT-OUTPUT SECTION.                                                                                       
   000005                FILE-CONTROL.                                                                                               
   000006                      SELECT TBL-CUSTOMER ASSIGN TO TBLCUSTOMER                           10                                
   000007                         FILE STATUS  SYS-FILE-STATUS.                                    18                                
   000008                DATA DIVISION.                                                                                              
   000009                FILE SECTION.                                                                                               
   000010                FD TBL-CUSTOMER LABEL RECORD IS STANDARD .                                                                  
                                                                                                  
 ==000010==> IGYGR1216-I 对于文件“TBL-CUSTOMER”，假定“RECORDING MODE”为“F”。
                                                                                                  
   000011                01 TBL-CUSTOMER-REC.                                                                                        
   000012                   COPY TBLCUSTOMER.                                                                                        
   000013C                  05  CUSTOMER      PIC  X(4).                                                                             
   000014C                  05  CUSTOMER-NAME PIC  X(10).                                                                            
   000015C                  05  CUSTOMER-ADDRESS       PIC  X(20).                                                                   
   000016C                  05  CUSTOMER-CITY          PIC  X(20).                                                                   
   000017         000191 WORKING-STORAGE SECTION.                                                                                    
   000018         000192 01 SYS-FILE-STATUS   PIC  X(2)  VALUE "00".                                                                 
   000019                01 TBL-CUSTOMER-DATA.                                                                                       
   000020                   03 REC1.                                                                                                 
   000021                      05  CUSTOMER      PIC  X(4)  VALUE "1001".                                                            
   000022                      05  CUSTOMER-NAME PIC  X(10) VALUE "ZHANGSAN".                                                        
   000023                      05  CUSTOMER-ADDRESS   PIC  X(20) VALUE "AAAAAA".                                                     
   000024                      05  CITY          PIC  X(20) VALUE "NANJING".                                                         
   000025                   03 REC2.                                                                                                 
   000026                      05  CUSTOMER      PIC  X(4)  VALUE "1002".                                                            
   000027                      05  CUSTOMER-NAME PIC  X(10) VALUE "ZHANGSAN".                                                        
   000028                      05  CUSTOMER-ADDRESS       PIC  X(20) VALUE "AAAAAA".                                                 
   000029                      05  CUSTOMER-CITY          PIC  X(20) VALUE "NANJING".                                                
   000030                01 TBL-CUSTOMER-RE REDEFINES  TBL-CUSTOMER-DATA.                          19                                
   000031                   03 RECTABLE OCCURS  2 TIMES.                                                                             
   000032                      COPY TBLCUSTOMER.                                                                                     
   000033C                  05  CUSTOMER      PIC  X(4).                                                                             
   000034C                  05  CUSTOMER-NAME PIC  X(10).                                                                            
   000035C                  05  CUSTOMER-ADDRESS       PIC  X(20).                                                                   
   000036C                  05  CUSTOMER-CITY          PIC  X(20).                                                                   
   000037                01 WK-CNT.                                                                                                  
   000038                   03 REC-CNT  PIC 99 VALUE ZERO.                                         IMP                               
   000039                PROCEDURE DIVISION.                                                                                         
   000040                MAIN.                                                                                                       
   000041                    OPEN OUTPUT TBL-CUSTOMER.                                             10                                
   000042                    DISPLAY "1" , SYS-FILE-STATUS.                                        18                                
   000043                    STOP 1.                                                                                                 
   000044                    ADD 1 TO REC-CNT.                                                     38                                
   000045               *                                                                                                            
   000046                    PERFORM L100 2 TIMES.                                                 50                                
   000047               *                                                                                                            
   000048                    CLOSE TBL-CUSTOMER.                                                   10                                
   000049                    STOP RUN.                                                                                               
   000050                L100.                                                                                                       
   000051                    MOVE RECTABLE(REC-CNT) TO TBL-CUSTOMER-REC.                           31 38 11                          
   000052                    WRITE  TBL-CUSTOMER-REC.                                              11                                
   000053                    DISPLAY TBL-CUSTOMER-REC.                                             11                                
1PP 5725-B74 IBM COBOL for Windows                   7.6.1      FILECOPY  Date 03/21/2014  Time 01:10:33   Page     3                
   LineID  PL SL  ----+-*A-1-B--+----2----+----3----+----4----+----5----+----6----+----7-|--+----8 Map and Cross Reference           
0  000054                    ADD 1 TO REC-CNT.                                                     38                                
   000055                    STOP 1.                                                                                                 
 */ FILECOPY                                                                                                                         
1PP 5725-B74 IBM COBOL for Windows                   7.6.1      FILECOPY  Date 03/21/2014  Time 01:10:33   Page     4                
0数据名引用前的“M”指示数据名由此引用修改。
  
  Defined   Cross-reference of data names   References                                                                               
  
       24   CITY                                                                                                                                                             
       13   CUSTOMER                                                                                                                                                         
       21   CUSTOMER                                                                                                                                                         
       26   CUSTOMER                                                                                                                                                         
       33   CUSTOMER                                                                                                                                                         
       15   CUSTOMER-ADDRESS                                                                                                                                                 
       23   CUSTOMER-ADDRESS                                                                                                                                                 
       28   CUSTOMER-ADDRESS                                                                                                                                                 
       35   CUSTOMER-ADDRESS                                                                                                                                                 
       16   CUSTOMER-CITY                                                                                                                                                    
       29   CUSTOMER-CITY                                                                                                                                                    
       36   CUSTOMER-CITY                                                                                                                                                    
       14   CUSTOMER-NAME                                                                                                                                                    
       22   CUSTOMER-NAME                                                                                                                                                    
       27   CUSTOMER-NAME                                                                                                                                                    
       34   CUSTOMER-NAME                                                                                                                                                    
       38   REC-CNT. . . . . . . . . . . .  M44 51 M54                                                                                                                       
       20   REC1                                                                                                                                                             
       25   REC2                                                                                                                                                             
       31   RECTABLE . . . . . . . . . . .  51                                                                                                                               
       18   SYS-FILE-STATUS. . . . . . . .  7 42                                                                                                                             
       10   TBL-CUSTOMER . . . . . . . . .  6 41 48                                                                                                                          
       19   TBL-CUSTOMER-DATA. . . . . . .  30                                                                                                                               
       30   TBL-CUSTOMER-RE                                                                                                                                                  
       11   TBL-CUSTOMER-REC . . . . . . .  M51 52 53                                                                                                                        
       37   WK-CNT                                                                                                                                                           
1PP 5725-B74 IBM COBOL for Windows                   7.6.1      FILECOPY  Date 03/21/2014  Time 01:10:33   Page     5                
0上下文用法由过程名引用前的字母指示。
 这些字母和它们的含义为：
     A = ALTER（过程名）
     D = GO TO（过程名）DEPENDING ON
     E = 范围（PERFORM）到（过程名）的结束
     G = GO TO（过程名）
     P = PERFORM（过程名）
     T = (ALTER) TO PROCEED TO（过程名）
     U = USE FOR DEBUGGING（过程名）
  
  Defined   Cross-reference of procedures   References                                                                               
  
       50   L100 . . . . . . . . . . . . .  P46                                                                                                                              
       40   MAIN                                                                                                                                                             
1PP 5725-B74 IBM COBOL for Windows                   7.6.1      FILECOPY  Date 03/21/2014  Time 01:10:33   Page     6                
0 Defined   Cross-reference of programs     References                                                                               
  
        2   FILECOPY                                                                                                                                                         
1PP 5725-B74 IBM COBOL for Windows                   7.6.1      FILECOPY  Date 03/21/2014  Time 01:10:33   Page     7                
0LineID  Message code  Message text
                                                                                                                                     
     10  IGYGR1216-I   对于文件“TBL-CUSTOMER”，假定“RECORDING MODE”为“F”。
-Messages    Total    Informational    Warning    Error    Severe    Terminating
0Printed:       1           1                                               
-* COBOL 程序 FILECOPY 的统计信息：
 *    源记录 = 55
 *    数据部分语句 = 25
 *    过程部分语句 = 12
0语言环境 = zh_CN.IBM-1386
0编译 1 结束，程序 FILECOPY，最高级别严重性：参考。
0返回码 0
