MAPSETA DFHMSD TYPE=&SYSPARM,LANG=COBOL,TIOAPFX=YES,MODE=INOUT,        X00020000
               CTRL=(FREEKB),TERM=ALL                                   00030000
ORDERM  DFHMDI SIZE=(24,80),LINE=1,COLUMN=1                             00040009
DATFLD  DFHMDF POS=(01,20),LENGTH=08,ATTRB=(ASKIP,FSET)                 00050005
        DFHMDF POS=(02,01),LENGTH=04,ATTRB=ASKIP,INITIAL='NAME'         00060009
NAME    DFHMDF POS=(02,07),LENGTH=20,ATTRB=(FSET,UNPROT,IC)             00070008
        DFHMDF POS=(02,29),LENGTH=01,ATTRB=PROT                         00080008
        DFHMDF POS=(03,01),LENGTH=08,ATTRB=ASKIP,INITIAL='STOCK NO'     00090009
STOCK   DFHMDF POS=(03,10),LENGTH=06,ATTRB=(FSET,UNPROT,NUM)            00110011
        DFHMDF POS=(03,17),LENGTH=01,ATTRB=PROT                         00120011
        DFHMDF POS=(04,01),LENGTH=08,ATTRB=ASKIP,INITIAL='QUATITY'      00140009
QUAN    DFHMDF POS=(04,12),LENGTH=10,ATTRB=(FSET,UNPROT,NUM)            00150008
        DFHMDF POS=(04,25),LENGTH=01,ATTRB=PROT                         00170008
MSG     DFHMDF POS=(24,01),LENGTH=75,ATTRB=ASKIP                        00180009
        DFHMSD TYPE=FINAL                                               00360000
        END                                                             00370000
